// Jest Snapshot v1, https://goo.gl/fbAQLP

exports[`Home  Componenet renders correctly 1`] = `
Array [
  <div
    className="quote-nav"
  />,
  <div
    className="calculator"
  >
    <h1
      className="quote"
    >
      Quote of the day
    </h1>
    <p
      className="day-quote"
    >
      <q>
        Without mathematics, Everything around you is numbers.
        <span>
          Albert Einstein
        </span>
      </q>
    </p>
  </div>,
]
`;

exports[`Home  Componenet renders correctly 2`] = `
<div
  className="calculator"
>
  <h2
    className="title"
  >
    Welcome to Math-Magicians
  </h2>
  <div
    className="text"
  >
    Lorem ipsum dolor sit amet, consectetur adipisicing elit, sed do eiusmod tempor incididunt ut labore et dolore magna aliqua. Ut enim ad minim veniam, quis nostrud exercitation ullamco laboris nisi ut aliquip ex ea commodo consequat. Duis aute irure dolor in reprehenderit in voluptate velit esse cillum dolore eu fugiat nulla pariatur. Excepteur sint occaecat cupidatat non proident, sunt in culpa qui o!cia deserunt mollit anim id est laborum.
  </div>
</div>
`;

exports[`Home  Componenet renders correctly 3`] = `
<div
  className="calculator"
>
  <div
    className="display"
  >
    
  </div>
  <div
    className="button-panel"
  >
    <div>
      <button
        onClick={[Function]}
        style={
          Object {
            "background": "#E0E0E0",
            "width": "25%",
          }
        }
        type="button"
      >
        AC
      </button>
      <button
        onClick={[Function]}
        style={
          Object {
            "background": "#E0E0E0",
            "width": "25%",
          }
        }
        type="button"
      >
        +/-
      </button>
      <button
        onClick={[Function]}
        style={
          Object {
            "background": "#E0E0E0",
            "width": "25%",
          }
        }
        type="button"
      >
        %
      </button>
      <button
        onClick={[Function]}
        style={
          Object {
            "background": "orange",
            "width": "25%",
          }
        }
        type="button"
      >
        รท
      </button>
    </div>
    <div>
      <button
        onClick={[Function]}
        style={
          Object {
            "background": "#E0E0E0",
            "width": "25%",
          }
        }
        type="button"
      >
        7
      </button>
      <button
        onClick={[Function]}
        style={
          Object {
            "background": "#E0E0E0",
            "width": "25%",
          }
        }
        type="button"
      >
        8
      </button>
      <button
        onClick={[Function]}
        style={
          Object {
            "background": "#E0E0E0",
            "width": "25%",
          }
        }
        type="button"
      >
        9
      </button>
      <button
        onClick={[Function]}
        style={
          Object {
            "background": "orange",
            "width": "25%",
          }
        }
        type="button"
      >
        x
      </button>
    </div>
    <div>
      <button
        onClick={[Function]}
        style={
          Object {
            "background": "#E0E0E0",
            "width": "25%",
          }
        }
        type="button"
      >
        4
      </button>
      <button
        onClick={[Function]}
        style={
          Object {
            "background": "#E0E0E0",
            "width": "25%",
          }
        }
        type="button"
      >
        5
      </button>
      <button
        onClick={[Function]}
        style={
          Object {
            "background": "#E0E0E0",
            "width": "25%",
          }
        }
        type="button"
      >
        6
      </button>
      <button
        onClick={[Function]}
        style={
          Object {
            "background": "orange",
            "width": "25%",
          }
        }
        type="button"
      >
        -
      </button>
    </div>
    <div>
      <button
        onClick={[Function]}
        style={
          Object {
            "background": "#E0E0E0",
            "width": "25%",
          }
        }
        type="button"
      >
        1
      </button>
      <button
        onClick={[Function]}
        style={
          Object {
            "background": "#E0E0E0",
            "width": "25%",
          }
        }
        type="button"
      >
        2
      </button>
      <button
        onClick={[Function]}
        style={
          Object {
            "background": "#E0E0E0",
            "width": "25%",
          }
        }
        type="button"
      >
        3
      </button>
      <button
        onClick={[Function]}
        style={
          Object {
            "background": "orange",
            "width": "25%",
          }
        }
        type="button"
      >
        +
      </button>
    </div>
    <div>
      <button
        onClick={[Function]}
        style={
          Object {
            "background": "#E0E0E0",
            "width": "50%",
          }
        }
        type="button"
      >
        0
      </button>
      <button
        onClick={[Function]}
        style={
          Object {
            "background": "#E0E0E0",
            "width": "25%",
          }
        }
        type="button"
      >
        .
      </button>
      <button
        onClick={[Function]}
        style={
          Object {
            "background": "orange",
            "width": "25%",
          }
        }
        type="button"
      >
        =
      </button>
    </div>
  </div>
</div>
`;
